2019-10-31 11:40:30 INFO  Decoder:28 - Thu Oct 31 11:40:30 CST 2019 源数据 010302000002C5B3
2019-10-31 11:40:31 INFO  Decoder:28 - Thu Oct 31 11:40:31 CST 2019 源数据 0103040116013F5B8B
2019-10-31 11:40:32 INFO  Decoder:28 - Thu Oct 31 11:40:32 CST 2019 源数据 010302000002C5B3
2019-10-31 11:40:32 INFO  Decoder:28 - Thu Oct 31 11:40:32 CST 2019 源数据 0103040116013F5B8B
2019-10-31 11:40:34 INFO  Decoder:28 - Thu Oct 31 11:40:34 CST 2019 源数据 010302000002C5B3
2019-10-31 11:40:34 INFO  Decoder:28 - Thu Oct 31 11:40:34 CST 2019 源数据 0103040116013F5B8B
2019-11-01 16:03:36 INFO  Decoder:28 - Fri Nov 01 16:03:36 CST 2019 源数据 010302000002C5B3
2019-11-01 16:03:37 INFO  Decoder:28 - Fri Nov 01 16:03:37 CST 2019 源数据 0103040116013F5B8B
2019-11-01 16:03:38 INFO  Decoder:28 - Fri Nov 01 16:03:38 CST 2019 源数据 010302000002C5B3
2019-11-01 16:03:38 INFO  Decoder:28 - Fri Nov 01 16:03:38 CST 2019 源数据 0103040116013F5B8B
2019-11-01 16:03:40 INFO  Decoder:28 - Fri Nov 01 16:03:40 CST 2019 源数据 010302000002C5B3
2019-11-01 16:03:40 INFO  Decoder:28 - Fri Nov 01 16:03:40 CST 2019 源数据 0103040116013F5B8B
2019-11-01 16:03:53 INFO  Decoder:28 - Fri Nov 01 16:03:53 CST 2019 源数据 010302000002C5B3
2019-11-01 16:03:53 INFO  Decoder:28 - Fri Nov 01 16:03:53 CST 2019 源数据 0103040116013F5B8B
2019-11-01 16:03:55 INFO  Decoder:28 - Fri Nov 01 16:03:55 CST 2019 源数据 010302000002C5B3
2019-11-01 16:03:55 INFO  Decoder:28 - Fri Nov 01 16:03:55 CST 2019 源数据 0103040116013F5B8B
2019-11-01 16:03:57 INFO  Decoder:28 - Fri Nov 01 16:03:57 CST 2019 源数据 010302000002C5B3
2019-11-01 16:03:57 INFO  Decoder:28 - Fri Nov 01 16:03:57 CST 2019 源数据 0103040116013F5B8B
2019-11-01 16:03:59 INFO  Decoder:28 - Fri Nov 01 16:03:59 CST 2019 源数据 010302000002C5B3
2019-11-01 16:03:59 INFO  Decoder:28 - Fri Nov 01 16:03:59 CST 2019 源数据 0103040116013F5B8B
2019-11-01 16:04:01 INFO  Decoder:28 - Fri Nov 01 16:04:01 CST 2019 源数据 010302000002C5B3
2019-11-01 16:04:01 INFO  Decoder:28 - Fri Nov 01 16:04:01 CST 2019 源数据 0103040116013F5B8B
2019-11-01 16:04:03 INFO  Decoder:28 - Fri Nov 01 16:04:03 CST 2019 源数据 010302000002C5B3
2019-11-01 16:04:03 INFO  Decoder:28 - Fri Nov 01 16:04:03 CST 2019 源数据 0103040116013F5B8B
2019-11-01 16:04:05 INFO  Decoder:28 - Fri Nov 01 16:04:05 CST 2019 源数据 010302000002C5B3
2019-11-01 16:04:05 INFO  Decoder:28 - Fri Nov 01 16:04:05 CST 2019 源数据 0103040116013F5B8B
2019-11-01 16:04:07 INFO  Decoder:28 - Fri Nov 01 16:04:07 CST 2019 源数据 010302000002C5B3
2019-11-01 16:04:07 INFO  Decoder:28 - Fri Nov 01 16:04:07 CST 2019 源数据 0103040116013F5B8B
